---
source: ouroboros/src/ledger/mod.rs
expression: test_vector
---
- - cad3c900ca6baee9e65bf61073d900bfbca458eeca6d0b9f9931f5b1017a8cd6
  - 00beef0a9be2f6d897ed24a613cf547bb20cd282a04edfc53d477114
