---
source: ouroboros-praos/src/consensus/mod.rs
expression: test_vector
---
- - 00beef0a9be2f6d897ed24a613cf547bb20cd282a04edfc53d477114
  - c0d1f9b040d2f6fd7fc8775d24753d6db4b697429f11404a6178a0a4a005867b
  - c7937fc47fecbe687891b3decd71e904d1e129598aa3852481d295eea3ea3ada
  - 25626202470912
  - 22586623335121436
  - true
- - 00beef0a9be2f6d897ed24a613cf547bb20cd282a04edfc53d477114
  - c0d1f9b040d2f6fd7fc8775d24753d6db4b697429f11404a6178a0a4a005867b
  - c7937fc47fecbe687891b3decd71e904d1e129598aa3852481d295eea3ea3ada
  - 6026202470912
  - 22586623335121436
  - false
