---
source: ouroboros-praos/src/consensus/mod.rs
expression: test_block_hex
---
828a1a00a50f121a0802d24458203deea82abe788d260b8987a522aadec86c9f098e88a57d7cfcdb24f474a7afb65820cad3c900ca6baee9e65bf61073d900bfbca458eeca6d0b9f9931f5b1017a8cd65820576d49e98adfab65623dc16f9fff2edd210e8dd1d4588bfaf8af250beda9d3c7825840d944b8c81000fc1182ec02194ca9eca510fd84995d22bfe1842190b39d468e5ecbd863969e0c717b0071a371f748d44c895fa9233094cefcd3107410baabb19a5850f2a29f985d37ca8eb671c2847fab9cc45c93738a430b4e43837e7f33028b190a7e55152b0e901548961a66d56eebe72d616f9e68fd13e9955ccd8611c201a5b422ac8ef56af74cb657b5b868ce9d850f1945d15820639d4986d17de3cac8079a3b25d671f339467aa3a9948e29992dafebf90f719f8458202e5823037de29647e495b97d9dd7bf739f7ebc11d3701c8d0720f55618e1b292171903e958401feeeabc7460b19370f4050e986b558b149fdc8724b4a4805af8fe45c8e7a7c6753894ad7a1b9c313da269ddc5922e150da3b378977f1dfea79fc52fd2c12f088209015901c020f1c8f9ae672e6ec75b0aa63a85e7ab7865b95f6b2907a26b54c14f49184ab52cf98ef441bb71de50380325b34f16d84fc78d137467a1b49846747cf8ee4701c56f08f198b94c468d46b67b271f5bc30ab2ad14b1bdbf2be0695a00fe4b02b3060fa52128f4cce9c5759df0ba8d71fe99456bd2e333671e45110908d03a2ec3b38599d26adf182ba63f79900fdb2732947cf8e940a4cf1e8db9b4cf4c001dbd37c60d0e38851de4910807896153be455e13161342d4c6f7bb3e4d2d35dbbbba0ebcd161be2f1ec030d2f5a6059ac89dfa70dc6b3d0bc2da179c62ae95c4f9c7ad9c0387b35bf2b45b325d1e0a18c0c783a0779003bf23e7a6b00cc126c5e3d51a57d41ff1707a76fb2c306a67c21473b41f1d9a7f64a670ec172a2421da03d796fa97086de8812304f4f96bd45243d0a2ad6c48a69d9e2c0afbb1333acee607d18eb3a33818c3c9d5bb72cade889379008bf60d436298cb0cfc6159332cb1af1de4f1d64e79c399d058ac4993704eed67917093f89db6cde830383e69aa400ba3225087cabad45407b891416330485891dc9a3875488a26428d20d581b629a8f4f42e3aa00cbcaae6c8e2b8f3fe033b874d1de6a3f8c321c92b77643f00d28e
